<html>
<body>
<pre>
<h1>µVision Build Log</h1>
<h2>Tool Versions:</h2>
IDE-Version: ¦ÌVision V5.28.0.0
Copyright (C) 2019 ARM Ltd and ARM Germany GmbH. All rights reserved.
License Information: 666 666, 666, LIC=3UURY-IV0NL-C2GL6-DAVX0-7ZGPY-JHWVM
 
Tool Versions:
Toolchain:       MDK-ARM Professional  Version: 5.28.0.0
Toolchain Path:  D:\MDK\keil5\ARM\ARMCC\Bin
C Compiler:      Armcc.exe V5.06 update 6 (build 750)
Assembler:       Armasm.exe V5.06 update 6 (build 750)
Linker/Locator:  ArmLink.exe V5.06 update 6 (build 750)
Library Manager: ArmAr.exe V5.06 update 6 (build 750)
Hex Converter:   FromElf.exe V5.06 update 6 (build 750)
CPU DLL:         SARMCM3.DLL V5.28.0.0
Dialog DLL:      DCM.DLL V1.17.3.0
Target DLL:      CMSIS_AGDI.dll V1.31.18.0
Dialog DLL:      TCM.DLL V1.36.2.0
 
<h2>Project:</h2>
F:\µçÄÔ×ÀÃæ\Team_tracking_git\Project\RVMDK£¨uv5£©\Team_tracking.uvprojx
Project File Date:  09/14/2020

<h2>Output:</h2>
*** Using Compiler 'V5.06 update 6 (build 750)', folder: 'D:\MDK\keil5\ARM\ARMCC\Bin'
Build target 'Team_tracking'
compiling UserMath.c...
compiling Filter.c...
compiling Chassis_control.c...
compiling user_code.c...
compiling DevicesMonitor.c...
compiling PID.c...
compiling ANO.c...
compiling M3508_Motor.c...
compiling main.c...
compiling DR16_Receiver.c...
compiling 6020_control.c...
compiling M6020.c...
compiling stm32f4xx_it.c...
compiling stm32f4xx_cec.c...
compiling misc.c...
compiling delay.c...
compiling GY_6050.c...
compiling NVIC.c...
compiling stm32f4xx_can.c...
compiling stm32f4xx_adc.c...
compiling TIM.c...
compiling LED.c...
compiling KEY.c...
compiling CAN.c...
compiling USART.c...
..\..\BSP\USART.c(789): warning:  #1-D: last line of file ends without a newline
   
..\..\BSP\USART.c: 1 warning, 0 errors
compiling stm32f4xx_dac.c...
compiling stm32f4xx_cryp_des.c...
compiling stm32f4xx_dbgmcu.c...
compiling stm32f4xx_exti.c...
compiling stm32f4xx_dfsdm.c...
compiling stm32f4xx_crc.c...
compiling stm32f4xx_cryp.c...
compiling stm32f4xx_dma.c...
compiling stm32f4xx_dsi.c...
compiling stm32f4xx_cryp_tdes.c...
compiling stm32f4xx_dcmi.c...
compiling stm32f4xx_cryp_aes.c...
compiling stm32f4xx_fmpi2c.c...
compiling stm32f4xx_iwdg.c...
compiling stm32f4xx_flash_ramfunc.c...
compiling stm32f4xx_hash_md5.c...
compiling stm32f4xx_gpio.c...
compiling stm32f4xx_hash.c...
compiling stm32f4xx_qspi.c...
compiling stm32f4xx_hash_sha1.c...
compiling stm32f4xx_lptim.c...
compiling stm32f4xx_pwr.c...
compiling stm32f4xx_i2c.c...
compiling stm32f4xx_flash.c...
compiling stm32f4xx_spdifrx.c...
compiling system_stm32f4xx.c...
compiling stm32f4xx_wwdg.c...
compiling stm32f4xx_syscfg.c...
compiling stm32f4xx_sdio.c...
compiling stm32f4xx_spi.c...
compiling stm32f4xx_usart.c...
compiling stm32f4xx_rng.c...
compiling stm32f4xx_sai.c...
compiling stm32f4xx_tim.c...
compiling stm32f4xx_rcc.c...
assembling startup_stm32f427_437xx.s...
compiling stm32f4xx_rtc.c...
linking...
Program Size: Code=5756 RO-data=460 RW-data=28 ZI-data=2084  
FromELF: creating hex file...
".\Objects\Team_tracking.axf" - 0 Error(s), 1 Warning(s).

<h2>Software Packages used:</h2>

Package Vendor: Keil
                http://www.keil.com/pack/Keil.STM32F4xx_DFP.2.13.0.pack
                Keil.STM32F4xx_DFP.2.13.0
                STMicroelectronics STM32F4 Series Device Support, Drivers and Examples

<h2>Collection of Component include folders:</h2>
  .\RTE\_Team_tracking
  C:\Users\Azai\AppData\Local\Arm\Packs\Keil\STM32F4xx_DFP\2.13.0\Drivers\CMSIS\Device\ST\STM32F4xx\Include

<h2>Collection of Component Files used:</h2>
Build Time Elapsed:  00:00:10
</pre>
</body>
</html>
